<html>
  <style>
    * {
      margin: 0;
    }
    body {
      width: 400px;
      height: 300px;
    }

    #parent {
      width: 100%;
      height: 100%;
      background-color: yellow;
      position: relative;
    }
    #child {
      height: 100px;
      width: 100px;
      position: absolute;
      top: 80px;
      right: 0;
      background-color: orange;
    }
  </style>
  <body>
    <div id="parent">
      <div id="child"></div>
    </div>
  </body>
</html>
